2026-03-25 07:28:14,331 1700842 INFO ? odoo: Odoo version 18.0 
2026-03-25 07:28:14,331 1700842 INFO ? odoo: Using configuration file at /home/gamarino/odoo/cm-18.0/odoo.config 
2026-03-25 07:28:14,331 1700842 INFO ? odoo: addons paths: ['/home/gamarino/odoo/numa-public-odoo-18.0-numa/odoo/addons', '/home/gamarino/.local/share/Odoo/addons/18.0', '/home/gamarino/odoo/numa-public-odoo-18.0-numa/addons', '/home/gamarino/odoo/numa-public-addons-18.0', '/home/gamarino/odoo/numa-addons-18.0', '/home/gamarino/odoo/extra-addons-18.0', '/home/gamarino/odoo/numa_l10n_ar-18.0', '/home/gamarino/odoo/cm-addons-18.0'] 
2026-03-25 07:28:14,331 1700842 INFO ? odoo: database: pg-cm-18.0@default:default 
2026-03-25 07:28:14,487 1700842 INFO ? odoo.addons.base.models.ir_actions_report: Will use the Wkhtmltopdf binary at /usr/local/bin/wkhtmltopdf 
2026-03-25 07:28:14,497 1700842 INFO ? odoo.addons.base.models.ir_actions_report: Will use the Wkhtmltoimage binary at /usr/local/bin/wkhtmltoimage 
2026-03-25 07:28:14,915 1700842 INFO cm-test-18.0 odoo.modules.loading: loading 1 modules... 
2026-03-25 07:28:14,925 1700842 INFO cm-test-18.0 odoo.modules.loading: 1 modules loaded in 0.01s, 0 queries (+0 extra) 
2026-03-25 07:28:14,972 1700842 INFO cm-test-18.0 odoo.modules.loading: updating modules list 
2026-03-25 07:28:14,978 1700842 INFO cm-test-18.0 odoo.addons.base.models.ir_module: ALLOW access to module.update_list on [] to user __system__ #1 via n/a 
2026-03-25 07:28:18,907 1700842 INFO cm-test-18.0 odoo.addons.base.models.ir_module: ALLOW access to module.button_upgrade on ['Numa Poly'] to user __system__ #1 via n/a 
2026-03-25 07:28:18,908 1700842 INFO cm-test-18.0 odoo.addons.base.models.ir_module: ALLOW access to module.update_list on ['Numa Poly'] to user __system__ #1 via n/a 
2026-03-25 07:28:22,506 1700842 INFO cm-test-18.0 odoo.addons.base.models.ir_module: ALLOW access to module.button_install on [] to user __system__ #1 via n/a 
2026-03-25 07:28:22,641 1700842 INFO cm-test-18.0 odoo.modules.loading: loading 211 modules... 
2026-03-25 07:28:23,189 1700842 INFO cm-test-18.0 odoo.modules.loading: Loading module numa_poly (16/211) 
2026-03-25 07:28:23,577 1700842 INFO cm-test-18.0 odoo.modules.registry: module numa_poly: creating or updating database tables 
2026-03-25 07:28:23,947 1700842 INFO cm-test-18.0 odoo.modules.loading: loading numa_poly/security/security.xml 
2026-03-25 07:28:23,950 1700842 INFO cm-test-18.0 odoo.modules.loading: loading numa_poly/security/ir.model.access.csv 
2026-03-25 07:28:25,005 1700842 INFO cm-test-18.0 odoo.addons.base.models.ir_module: module numa_poly: no translation for language es_AR 
2026-03-25 07:28:25,026 1700842 INFO cm-test-18.0 odoo.modules.loading: Module numa_poly loaded in 1.84s, 208 queries (+208 other) 
2026-03-25 07:28:26,058 1700842 INFO cm-test-18.0 odoo.modules.loading: Loading module numa_fsm (103/211) 
2026-03-25 07:28:39,293 1700842 INFO cm-test-18.0 odoo.modules.registry: module numa_fsm: creating or updating database tables 
2026-03-25 07:28:39,923 1700842 INFO cm-test-18.0 odoo.modules.loading: loading numa_fsm/security/security.xml 
2026-03-25 07:28:39,935 1700842 INFO cm-test-18.0 odoo.modules.loading: loading numa_fsm/security/ir.model.access.csv 
2026-03-25 07:28:40,212 1700842 INFO cm-test-18.0 odoo.modules.loading: loading numa_fsm/views/fsm_views.xml 
2026-03-25 07:28:40,337 1700842 INFO cm-test-18.0 odoo.modules.loading: loading numa_fsm/views/menu_views.xml 
2026-03-25 07:28:40,343 1700842 INFO cm-test-18.0 odoo.addons.base.models.ir_module: module numa_fsm: loading translation file /home/gamarino/odoo/numa-public-addons-18.0/numa_fsm/i18n/es.po for language es_AR 
2026-03-25 07:28:40,343 1700842 INFO cm-test-18.0 odoo.tools.translate: loading base translation file /home/gamarino/odoo/numa-public-addons-18.0/numa_fsm/i18n/es.po for language es_AR 
2026-03-25 07:28:40,392 1700842 INFO cm-test-18.0 odoo.modules.loading: Module numa_fsm loaded in 14.33s, 2384 queries (+2384 other) 
2026-03-25 07:28:40,496 1700842 INFO cm-test-18.0 odoo.modules.loading: Loading module numa_planning (139/211) 
2026-03-25 07:28:56,593 1700842 INFO cm-test-18.0 odoo.modules.registry: module numa_planning: creating or updating database tables 
2026-03-25 07:28:57,037 1700842 INFO cm-test-18.0 odoo.modules.loading: loading numa_planning/security/ir.model.access.csv 
2026-03-25 07:28:57,079 1700842 INFO cm-test-18.0 odoo.modules.loading: loading numa_planning/views/numa_planning_views.xml 
2026-03-25 07:28:57,226 1700842 INFO cm-test-18.0 odoo.addons.base.models.ir_module: module numa_planning: no translation for language es_AR 
2026-03-25 07:28:57,289 1700842 INFO cm-test-18.0 odoo.modules.loading: Module numa_planning loaded in 16.79s, 2528 queries (+2528 other) 
2026-03-25 07:28:57,400 1700842 INFO cm-test-18.0 odoo.modules.loading: Loading module numa_planning_project (154/211) 
2026-03-25 07:29:16,176 1700842 INFO cm-test-18.0 odoo.modules.registry: module numa_planning_project: creating or updating database tables 
2026-03-25 07:29:16,332 1700842 INFO cm-test-18.0 odoo.modules.loading: loading numa_planning_project/views/project_task_views.xml 
2026-03-25 07:29:16,390 1700842 INFO cm-test-18.0 odoo.modules.loading: loading numa_planning_project/views/project_project_views.xml 
2026-03-25 07:29:16,411 1700842 INFO cm-test-18.0 odoo.addons.base.models.ir_module: module numa_planning_project: no translation for language es_AR 
2026-03-25 07:29:16,439 1700842 INFO cm-test-18.0 odoo.modules.loading: Module numa_planning_project loaded in 19.04s, 2385 queries (+2385 other) 
2026-03-25 07:29:16,506 1700842 INFO cm-test-18.0 odoo.modules.loading: Loading module numa_conversation_engine (176/211) 
2026-03-25 07:29:27,442 1700842 WARNING cm-test-18.0 odoo.fields: conversation.message.state: selection attribute will be ignored as the field is related 
2026-03-25 07:29:32,862 1700842 WARNING cm-test-18.0 odoo.fields: conversation.message.state: selection attribute will be ignored as the field is related 
2026-03-25 07:29:33,635 1700842 INFO cm-test-18.0 odoo.modules.registry: module numa_conversation_engine: creating or updating database tables 
2026-03-25 07:29:33,720 1700842 WARNING cm-test-18.0 odoo.addons.base.models.ir_model: Two fields (conversation_message_ids, message_ids) of conversation.session() have the same label: Messages. [Modules: numa_conversation_engine and mail] 
2026-03-25 07:29:33,720 1700842 WARNING cm-test-18.0 odoo.addons.base.models.ir_model: Two fields (attachment_ids, event_attachment_ids) of conversation.message() have the same label: Attachments. [Modules: numa_conversation_engine and numa_conversation_engine] 
2026-03-25 07:29:33,720 1700842 WARNING cm-test-18.0 odoo.addons.base.models.ir_model: Two fields (attachment_count, message_attachment_count) of conversation.message() have the same label: Attachment Count. [Modules: numa_conversation_engine and mail] 
2026-03-25 07:29:33,890 1700842 INFO cm-test-18.0 odoo.schema: Keep unexpected index conversation_message__create_date_index on table conversation_message 
2026-03-25 07:29:34,042 1700842 INFO cm-test-18.0 odoo.modules.loading: loading numa_conversation_engine/security/ir.model.access.csv 
2026-03-25 07:29:34,088 1700842 INFO cm-test-18.0 odoo.modules.loading: loading numa_conversation_engine/security/conversation_security.xml 
2026-03-25 07:29:34,233 1700842 INFO cm-test-18.0 odoo.modules.loading: loading numa_conversation_engine/data/conversation_fsm_data.xml 
2026-03-25 07:29:34,234 1700842 INFO cm-test-18.0 odoo.modules.loading: loading numa_conversation_engine/data/conversation_driver_notes_data.xml 
2026-03-25 07:29:34,239 1700842 INFO cm-test-18.0 odoo.modules.loading: loading numa_conversation_engine/data/ir_cron.xml 
2026-03-25 07:29:34,337 1700842 INFO cm-test-18.0 odoo.modules.loading: loading numa_conversation_engine/wizards/conversation_closing_wizards_view.xml 
2026-03-25 07:29:34,352 1700842 INFO cm-test-18.0 odoo.modules.loading: loading numa_conversation_engine/views/conversation_message_forward_wizard_view.xml 
2026-03-25 07:29:34,362 1700842 INFO cm-test-18.0 odoo.modules.loading: loading numa_conversation_engine/views/conversation_group_view.xml 
2026-03-25 07:29:34,376 1700842 INFO cm-test-18.0 odoo.modules.loading: loading numa_conversation_engine/views/conversation_merge_wizard_view.xml 
2026-03-25 07:29:34,385 1700842 INFO cm-test-18.0 odoo.modules.loading: loading numa_conversation_engine/views/conversation_session_view.xml 
2026-03-25 07:29:34,478 1700842 INFO cm-test-18.0 odoo.models.unlink: User #1 deleted ir.actions.act_window.view records with IDs: [9881, 9882, 9883] 
2026-03-25 07:29:34,482 1700842 INFO cm-test-18.0 odoo.models.unlink: User #1 deleted ir.poly_base records with IDs: [9881, 9882, 9883] 
2026-03-25 07:29:34,497 1700842 INFO cm-test-18.0 odoo.modules.loading: loading numa_conversation_engine/views/conversation_driver_views.xml 
2026-03-25 07:29:34,516 1700842 INFO cm-test-18.0 odoo.modules.loading: loading numa_conversation_engine/views/conversation_start_wizard_view.xml 
2026-03-25 07:29:34,527 1700842 INFO cm-test-18.0 odoo.modules.loading: loading numa_conversation_engine/views/conversation_message_views.xml 
2026-03-25 07:29:34,551 1700842 INFO cm-test-18.0 odoo.modules.loading: loading numa_conversation_engine/views/conversation_analysis_report_view.xml 
2026-03-25 07:29:34,577 1700842 INFO cm-test-18.0 odoo.modules.loading: loading numa_conversation_engine/views/res_partner_view.xml 
2026-03-25 07:29:34,597 1700842 INFO cm-test-18.0 odoo.modules.loading: loading numa_conversation_engine/views/crm_lead_view.xml 
2026-03-25 07:29:34,610 1700842 INFO cm-test-18.0 odoo.modules.loading: loading numa_conversation_engine/views/ir_attachment_view.xml 
2026-03-25 07:29:34,619 1700842 INFO cm-test-18.0 odoo.modules.loading: loading numa_conversation_engine/views/chat_template.xml 
2026-03-25 07:29:34,628 1700842 INFO cm-test-18.0 odoo.modules.loading: loading numa_conversation_engine/views/conversation_workplace_view.xml 
2026-03-25 07:29:34,641 1700842 INFO cm-test-18.0 odoo.modules.loading: loading numa_conversation_engine/views/conversation_transfer_wizard_view.xml 
2026-03-25 07:29:34,650 1700842 INFO cm-test-18.0 odoo.modules.loading: loading numa_conversation_engine/views/conversation_canned_response_view.xml 
2026-03-25 07:29:34,663 1700842 INFO cm-test-18.0 odoo.modules.loading: loading numa_conversation_engine/views/digital_core_view.xml 
2026-03-25 07:29:34,675 1700842 INFO cm-test-18.0 odoo.modules.loading: loading numa_conversation_engine/views/conversation_menus.xml 
2026-03-25 07:29:34,842 1700842 INFO cm-test-18.0 odoo.addons.base.models.ir_module: module numa_conversation_engine: loading translation file /home/gamarino/odoo/numa-addons-18.0/numa_conversation_engine/i18n/es.po for language es_AR 
2026-03-25 07:29:34,842 1700842 INFO cm-test-18.0 odoo.tools.translate: loading base translation file /home/gamarino/odoo/numa-addons-18.0/numa_conversation_engine/i18n/es.po for language es_AR 
2026-03-25 07:29:34,968 1700842 INFO cm-test-18.0 odoo.modules.loading: Module numa_conversation_engine loaded in 18.46s, 3588 queries (+3588 other) 
2026-03-25 07:29:35,012 1700842 INFO cm-test-18.0 odoo.modules.loading: Loading module numa_conversation_fsm (192/211) 
2026-03-25 07:29:39,995 1700842 WARNING cm-test-18.0 odoo.fields: conversation.message.state: selection attribute will be ignored as the field is related 
2026-03-25 07:29:45,505 1700842 WARNING cm-test-18.0 odoo.fields: conversation.session.activity_state: selection attribute will be ignored as the field is related 
2026-03-25 07:29:45,505 1700842 WARNING cm-test-18.0 odoo.fields: conversation.session.activity_exception_decoration: selection attribute will be ignored as the field is related 
2026-03-25 07:29:45,506 1700842 WARNING cm-test-18.0 odoo.fields: conversation.message.state: selection attribute will be ignored as the field is related 
2026-03-25 07:29:45,603 1700842 WARNING cm-test-18.0 odoo.fields: conversation.bot.activity_state: selection attribute will be ignored as the field is related 
2026-03-25 07:29:45,604 1700842 WARNING cm-test-18.0 odoo.fields: conversation.bot.activity_exception_decoration: selection attribute will be ignored as the field is related 
2026-03-25 07:29:45,604 1700842 WARNING cm-test-18.0 odoo.fields: conversation.bot.state: selection attribute will be ignored as the field is related 
2026-03-25 07:29:45,604 1700842 WARNING cm-test-18.0 odoo.fields: conversation.bot.execution_policy: selection attribute will be ignored as the field is related 
2026-03-25 07:29:50,929 1700842 WARNING cm-test-18.0 odoo.fields: conversation.session.activity_state: selection attribute will be ignored as the field is related 
2026-03-25 07:29:50,930 1700842 WARNING cm-test-18.0 odoo.fields: conversation.session.activity_exception_decoration: selection attribute will be ignored as the field is related 
2026-03-25 07:29:50,939 1700842 WARNING cm-test-18.0 odoo.fields: conversation.message.state: selection attribute will be ignored as the field is related 
2026-03-25 07:29:51,038 1700842 WARNING cm-test-18.0 odoo.fields: conversation.bot.activity_state: selection attribute will be ignored as the field is related 
2026-03-25 07:29:51,039 1700842 WARNING cm-test-18.0 odoo.fields: conversation.bot.activity_exception_decoration: selection attribute will be ignored as the field is related 
2026-03-25 07:29:51,039 1700842 WARNING cm-test-18.0 odoo.fields: conversation.bot.state: selection attribute will be ignored as the field is related 
2026-03-25 07:29:51,039 1700842 WARNING cm-test-18.0 odoo.fields: conversation.bot.execution_policy: selection attribute will be ignored as the field is related 
2026-03-25 07:29:51,608 1700842 INFO cm-test-18.0 odoo.modules.registry: module numa_conversation_fsm: creating or updating database tables 
2026-03-25 07:29:51,623 1700842 ERROR cm-test-18.0 odoo.addons.numa_poly.models.poly: Create failed for conversation.message ID 13835. Vals: {'state': None, 'id': 13835, 'company_id': 1} 
2026-03-25 07:29:51,623 1700842 ERROR cm-test-18.0 odoo.addons.numa_poly.models.poly: Failed to migrate conversation.message ID 13835: None 
2026-03-25 07:29:51,625 1700842 ERROR cm-test-18.0 odoo.addons.numa_poly.models.poly: Create failed for conversation.message ID 13836. Vals: {'state': None, 'id': 13835, 'company_id': 1} 
2026-03-25 07:29:51,625 1700842 ERROR cm-test-18.0 odoo.addons.numa_poly.models.poly: Failed to migrate conversation.message ID 13836: None 
2026-03-25 07:29:51,626 1700842 ERROR cm-test-18.0 odoo.addons.numa_poly.models.poly: Create failed for conversation.message ID 13837. Vals: {'state': None, 'id': 13835, 'company_id': 1} 
2026-03-25 07:29:51,627 1700842 ERROR cm-test-18.0 odoo.addons.numa_poly.models.poly: Failed to migrate conversation.message ID 13837: None 
2026-03-25 07:29:51,628 1700842 ERROR cm-test-18.0 odoo.addons.numa_poly.models.poly: Create failed for conversation.message ID 13838. Vals: {'state': None, 'id': 13835, 'company_id': 1} 
2026-03-25 07:29:51,629 1700842 ERROR cm-test-18.0 odoo.addons.numa_poly.models.poly: Failed to migrate conversation.message ID 13838: None 
2026-03-25 07:29:51,633 1700842 WARNING cm-test-18.0 odoo.addons.base.models.ir_model: Two fields (message_ids, conversation_message_ids) of conversation.session() have the same label: Messages. [Modules: numa_fsm and numa_conversation_engine] 
2026-03-25 07:29:51,633 1700842 WARNING cm-test-18.0 odoo.addons.base.models.ir_model: Two fields (event_attachment_ids, attachment_ids) of conversation.message() have the same label: Attachments. [Modules: numa_conversation_engine and numa_conversation_engine] 
2026-03-25 07:29:51,633 1700842 WARNING cm-test-18.0 odoo.addons.base.models.ir_model: Two fields (message_attachment_count, attachment_count) of conversation.message() have the same label: Attachment Count. [Modules: numa_fsm and numa_conversation_engine] 
2026-03-25 07:29:51,779 1700842 INFO cm-test-18.0 odoo.schema: Keep unexpected index conversation_message__state_index on table conversation_message 
2026-03-25 07:29:51,779 1700842 INFO cm-test-18.0 odoo.schema: Keep unexpected index conversation_message__create_date_index on table conversation_message 
2026-03-25 07:29:51,866 1700842 INFO cm-test-18.0 odoo.modules.loading: loading numa_conversation_fsm/security/security.xml 
2026-03-25 07:29:51,867 1700842 INFO cm-test-18.0 odoo.modules.loading: loading numa_conversation_fsm/security/ir.model.access.csv 
2026-03-25 07:29:51,878 1700842 INFO cm-test-18.0 odoo.modules.loading: loading numa_conversation_fsm/views/conversation_session_view.xml 
2026-03-25 07:29:51,896 1700842 INFO cm-test-18.0 odoo.modules.loading: loading numa_conversation_fsm/views/fsm_definition_view.xml 
2026-03-25 07:29:51,917 1700842 INFO cm-test-18.0 odoo.addons.base.models.ir_module: module numa_conversation_fsm: loading translation file /home/gamarino/odoo/numa-addons-18.0/numa_conversation_fsm/i18n/es.po for language es_AR 
2026-03-25 07:29:51,918 1700842 INFO cm-test-18.0 odoo.tools.translate: loading base translation file /home/gamarino/odoo/numa-addons-18.0/numa_conversation_fsm/i18n/es.po for language es_AR 
2026-03-25 07:29:51,940 1700842 INFO cm-test-18.0 odoo.modules.loading: Module numa_conversation_fsm loaded in 16.93s, 2656 queries (+2656 other) 
2026-03-25 07:29:51,991 1700842 INFO cm-test-18.0 odoo.modules.loading: Loading module numa_conversation_engine_email (199/211) 
2026-03-25 07:29:57,071 1700842 WARNING cm-test-18.0 odoo.fields: conversation.session.activity_state: selection attribute will be ignored as the field is related 
2026-03-25 07:29:57,071 1700842 WARNING cm-test-18.0 odoo.fields: conversation.session.activity_exception_decoration: selection attribute will be ignored as the field is related 
2026-03-25 07:29:57,198 1700842 ERROR cm-test-18.0 odoo.addons.numa_poly.models.poly: [poly] CORRUPTION DETECTED: ir.poly_base field 'concrete_model_id' changed ID from 128558359685040 to 128558345502160 during setup of conversation.session! 
2026-03-25 07:29:57,198 1700842 ERROR cm-test-18.0 odoo.addons.numa_poly.models.poly: [poly] CORRUPTION DETECTED: ir.poly_base field 'old_id' changed ID from 128558354226432 to 128558345490688 during setup of conversation.session! 
2026-03-25 07:29:57,198 1700842 ERROR cm-test-18.0 odoo.addons.numa_poly.models.poly: [poly] CORRUPTION DETECTED: ir.poly_base field 'poly_payload' changed ID from 128558354232480 to 128558351943872 during setup of conversation.session! 
2026-03-25 07:29:57,199 1700842 WARNING cm-test-18.0 odoo.fields: conversation.message.state: selection attribute will be ignored as the field is related 
2026-03-25 07:29:57,303 1700842 WARNING cm-test-18.0 odoo.fields: conversation.bot.activity_state: selection attribute will be ignored as the field is related 
2026-03-25 07:29:57,304 1700842 WARNING cm-test-18.0 odoo.fields: conversation.bot.activity_exception_decoration: selection attribute will be ignored as the field is related 
2026-03-25 07:29:57,304 1700842 WARNING cm-test-18.0 odoo.fields: conversation.bot.state: selection attribute will be ignored as the field is related 
2026-03-25 07:29:57,304 1700842 WARNING cm-test-18.0 odoo.fields: conversation.bot.execution_policy: selection attribute will be ignored as the field is related 
2026-03-25 07:29:57,907 1700842 WARNING cm-test-18.0 odoo.modules.loading: Transient module states were reset 
2026-03-25 07:29:57,917 1700842 ERROR cm-test-18.0 odoo.modules.registry: Failed to load registry 
2026-03-25 07:29:57,918 1700842 CRITICAL cm-test-18.0 odoo.service.server: Failed to initialize database `cm-test-18.0`. 
Traceback (most recent call last):
  File "/home/gamarino/odoo/numa-public-odoo-18.0-numa/odoo/service/server.py", line 1366, in preload_registries
    registry = Registry.new(dbname, update_module=update_module)
               ^^^^^^^^^^^^^^^^^^^^^^^^^^^^^^^^^^^^^^^^^^^^^^^^^
  File "/home/gamarino/odoo/cm-18.0/.venv/lib/python3.12/site-packages/decorator.py", line 232, in fun
    return caller(func, *(extras + args), **kw)
           ^^^^^^^^^^^^^^^^^^^^^^^^^^^^^^^^^^^^
  File "/home/gamarino/odoo/numa-public-odoo-18.0-numa/odoo/tools/func.py", line 97, in locked
    return func(inst, *args, **kwargs)
           ^^^^^^^^^^^^^^^^^^^^^^^^^^^
  File "/home/gamarino/odoo/numa-public-odoo-18.0-numa/odoo/modules/registry.py", line 129, in new
    odoo.modules.load_modules(registry, force_demo, status, update_module)
  File "/home/gamarino/odoo/numa-public-odoo-18.0-numa/odoo/modules/loading.py", line 485, in load_modules
    processed_modules += load_marked_modules(env, graph,
                         ^^^^^^^^^^^^^^^^^^^^^^^^^^^^^^^
  File "/home/gamarino/odoo/numa-public-odoo-18.0-numa/odoo/modules/loading.py", line 365, in load_marked_modules
    loaded, processed = load_module_graph(
                        ^^^^^^^^^^^^^^^^^^
  File "/home/gamarino/odoo/numa-public-odoo-18.0-numa/odoo/modules/loading.py", line 181, in load_module_graph
    registry.setup_models(env.cr)
  File "/home/gamarino/odoo/numa-public-addons-18.0/numa_poly/models/poly.py", line 5332, in _poly_registry_setup_models
    res = _original_Registry_setup_models(self, cr)
          ^^^^^^^^^^^^^^^^^^^^^^^^^^^^^^^^^^^^^^^^^
  File "/home/gamarino/odoo/cm-18.0/.venv/lib/python3.12/site-packages/decorator.py", line 232, in fun
    return caller(func, *(extras + args), **kw)
           ^^^^^^^^^^^^^^^^^^^^^^^^^^^^^^^^^^^^
  File "/home/gamarino/odoo/numa-public-odoo-18.0-numa/odoo/tools/func.py", line 97, in locked
    return func(inst, *args, **kwargs)
           ^^^^^^^^^^^^^^^^^^^^^^^^^^^
  File "/home/gamarino/odoo/numa-public-odoo-18.0-numa/odoo/modules/registry.py", line 355, in setup_models
    model._setup_fields()
  File "/home/gamarino/odoo/numa-public-odoo-18.0-numa/odoo/models.py", line 3725, in _setup_fields
    field.setup(self)
  File "/home/gamarino/odoo/numa-public-addons-18.0/numa_poly/models/poly.py", line 4507, in poly_Field_setup
    return _original_Field_setup(self, model)
           ^^^^^^^^^^^^^^^^^^^^^^^^^^^^^^^^^^
  File "/home/gamarino/odoo/numa-public-odoo-18.0-numa/odoo/fields.py", line 537, in setup
    self.setup_related(model)
  File "/home/gamarino/odoo/numa-public-addons-18.0/numa_poly/models/poly.py", line 4795, in poly_Field_setup_related
    raise e
  File "/home/gamarino/odoo/numa-public-addons-18.0/numa_poly/models/poly.py", line 4729, in poly_Field_setup_related
    return _original_Field_setup_related(self, model)
           ^^^^^^^^^^^^^^^^^^^^^^^^^^^^^^^^^^^^^^^^^^
  File "/home/gamarino/odoo/numa-public-odoo-18.0-numa/odoo/fields.py", line 611, in setup_related
    raise KeyError(
KeyError: 'Field old_id referenced in related field definition conversation.message.old_id does not exist.'
2026-03-25 07:29:57,925 1700842 INFO cm-test-18.0 odoo.service.server: Initiating shutdown 
2026-03-25 07:29:57,925 1700842 INFO cm-test-18.0 odoo.service.server: Hit CTRL-C again or send a second signal to force the shutdown. 
2026-03-25 07:29:57,926 1700842 INFO cm-test-18.0 odoo.sql_db: ConnectionPool(read/write;used=0/count=0/max=64): Closed 1 connections  
